[33mÔØ»[39m Building...
[32mÔ£ö[39m Building...
Application bundle generation failed. [18.618 seconds]

node.exe : [1m[33m[33mÔû▓ [43;33m[[43;30mWARNING[43;33m][0m [1mNG8107: The left side of this 
optional chain operation does not include 'null' or 'undefined' in its type, therefore the '?.' 
operator can be replaced with the '.' operator.[0m [1m[35m[plugin angular-compiler][0m
Au caractère C:\Users\inesr\AppData\Roaming\npm\ng.ps1:24 : 5
+     & "node$exe"  "$basedir/node_modules/@angular/cli/bin/ng.js" $arg ...
+     ~~~~~~~~~~~~~~~~~~~~~~~~~~~~~~~~~~~~~~~~~~~~~~~~~~~~~~~~~~~~~~~~~
    + CategoryInfo          : NotSpecified: ([1m[33m[33mÔ...r-compiler][0m:String) [], RemoteExce 
   ption
    + FullyQualifiedErrorId : NativeCommandError
 

    src/app/features/delivery-tasks/delivery-tasks.component.html:200:79:
[37m      200 Ôöé ...llback]="!selectedDelivery?.[32mrequest[37m?.region && !selectedDelive...
          ÔòÁ                                [32m~~~~~~~[0m

  Error occurs in the template of component DeliveryTasksComponent.

    src/app/features/delivery-tasks/delivery-tasks.component.ts:37:15:
[37m      37 Ôöé   templateUrl: [32m'./delivery-tasks.component.html'[37m,
         ÔòÁ                [32m~~~~~~~~~~~~~~~~~~~~~~~~~~~~~~~~~[0m


[33mÔû▓ [43;33m[[43;30mWARNING[43;33m][0m [1mNG8107: The left side of this optional chain 
operation does not include 'null' or 'undefined' in its type, therefore the '?.' operator can be 
replaced with the '.' operator.[0m [1m[35m[plugin angular-compiler][0m

    src/app/features/delivery-tasks/delivery-tasks.component.html:200:117:
[37m      200 Ôöé ...!selectedDelivery?.request?.region && !selectedDelivery?.[32mregion[37m">
          ÔòÁ                                                             [32m~~~~~~[0m

  Error occurs in the template of component DeliveryTasksComponent.

    src/app/features/delivery-tasks/delivery-tasks.component.ts:37:15:
[37m      37 Ôöé   templateUrl: [32m'./delivery-tasks.component.html'[37m,
         ÔòÁ                [32m~~~~~~~~~~~~~~~~~~~~~~~~~~~~~~~~~[0m

[39m[22m
[1m[31m[31mX [41;31m[[41;97mERROR[41;31m][0m [1mNG9: Property 'getVehicleType' does not exist 
on type 'DeliveryTasksComponent'.[0m [1m[35m[plugin angular-compiler][0m

    src/app/features/delivery-tasks/delivery-tasks.component.html:143:37:
[37m      143 Ôöé ...        <span class="value">{{ [32mgetVehicleType[37m(delivery) }}</span>
          ÔòÁ                                   [32m~~~~~~~~~~~~~~[0m

  Error occurs in the template of component DeliveryTasksComponent.

    src/app/features/delivery-tasks/delivery-tasks.component.ts:37:15:
[37m      37 Ôöé   templateUrl: [32m'./delivery-tasks.component.html'[37m,
         ÔòÁ                [32m~~~~~~~~~~~~~~~~~~~~~~~~~~~~~~~~~[0m


[31mX [41;31m[[41;97mERROR[41;31m][0m [1mNG5: Argument of type 'string | undefined' is not 
assignable to parameter of type 'string'.
  Type 'undefined' is not assignable to type 'string'.[0m [1m[35m[plugin angular-compiler][0m

    src/app/features/delivery-tasks/delivery-tasks.component.html:192:64:
[37m      192 Ôöé ...le.background]="getStatusColor(selectedDelivery.[32mdeliveryStatus[37m)">
          ÔòÁ                                                    [32m~~~~~~~~~~~~~~[0m

  Error occurs in the template of component DeliveryTasksComponent.

    src/app/features/delivery-tasks/delivery-tasks.component.ts:37:15:
[37m      37 Ôöé   templateUrl: [32m'./delivery-tasks.component.html'[37m,
         ÔòÁ                [32m~~~~~~~~~~~~~~~~~~~~~~~~~~~~~~~~~[0m


[31mX [41;31m[[41;97mERROR[41;31m][0m [1mNG2: Object is possibly 'undefined'.[0m 
[1m[35m[plugin angular-compiler][0m

    src/app/features/delivery-tasks/delivery-tasks.component.html:198:58:
[37m      198 Ôöé ... class="value">{{ selectedDelivery.request.[32mhospitalName[37m }}</span>
          ÔòÁ                                               [32m~~~~~~~~~~~~[0m

  Error occurs in the template of component DeliveryTasksComponent.

    src/app/features/delivery-tasks/delivery-tasks.component.ts:37:15:
[37m      37 Ôöé   templateUrl: [32m'./delivery-tasks.component.html'[37m,
         ÔòÁ                [32m~~~~~~~~~~~~~~~~~~~~~~~~~~~~~~~~~[0m


[31mX [41;31m[[41;97mERROR[41;31m][0m [1mNG9: Property 'getVehicleType' does not exist on type 
'DeliveryTasksComponent'.[0m [1m[35m[plugin angular-compiler][0m

    src/app/features/delivery-tasks/delivery-tasks.component.html:212:33:
[37m      212 Ôöé ... <span class="value">{{ [32mgetVehicleType[37m(selectedDelivery) }}</s...
          ÔòÁ                            [32m~~~~~~~~~~~~~~[0m

  Error occurs in the template of component DeliveryTasksComponent.

    src/app/features/delivery-tasks/delivery-tasks.component.ts:37:15:
[37m      37 Ôöé   templateUrl: [32m'./delivery-tasks.component.html'[37m,
         ÔòÁ                [32m~~~~~~~~~~~~~~~~~~~~~~~~~~~~~~~~~[0m


[31mX [41;31m[[41;97mERROR[41;31m][0m [1mTS4111: Property 'latitude' comes from an index 
signature, so it must be accessed with ['latitude'].[0m [1m[35m[plugin angular-compiler][0m

    src/app/features/delivery-tasks/delivery-tasks.component.ts:443:17:
[37m      443 Ôöé       (delivery?.[32mlatitude[37m && delivery?.longitude);
          ÔòÁ                  [32m~~~~~~~~[0m


[31mX [41;31m[[41;97mERROR[41;31m][0m [1mTS4111: Property 'longitude' comes from an index 
signature, so it must be accessed with ['longitude'].[0m [1m[35m[plugin angular-compiler][0m

    src/app/features/delivery-tasks/delivery-tasks.component.ts:443:39:
[37m      443 Ôöé       (delivery?.latitude && delivery?.[32mlongitude[37m);
          ÔòÁ                                        [32m~~~~~~~~~[0m


[31mX [41;31m[[41;97mERROR[41;31m][0m [1mTS4111: Property 'latitude' comes from an index 
signature, so it must be accessed with ['latitude'].[0m [1m[35m[plugin angular-compiler][0m

    src/app/features/delivery-tasks/delivery-tasks.component.ts:478:19:
[37m      478 Ôöé         (delivery?.[32mlatitude[37m && delivery?.longitude)) {
          ÔòÁ                    [32m~~~~~~~~[0m


[31mX [41;31m[[41;97mERROR[41;31m][0m [1mTS4111: Property 'longitude' comes from an index 
signature, so it must be accessed with ['longitude'].[0m [1m[35m[plugin angular-compiler][0m

    src/app/features/delivery-tasks/delivery-tasks.component.ts:478:41:
[37m      478 Ôöé         (delivery?.latitude && delivery?.[32mlongitude[37m)) {
          ÔòÁ                                          [32m~~~~~~~~~[0m


[31mX [41;31m[[41;97mERROR[41;31m][0m [1mTS1005: '}' expected.[0m [1m[35m[plugin 
angular-compiler][0m

    src/app/features/delivery-tasks/delivery-tasks.component.ts:512:3:
[37m      512 Ôöé   }[32m[37m
          ÔòÁ    [32m^[0m

[39m[22m
